// Jest Snapshot v1, https://goo.gl/fbAQLP

exports[`renders correctly 1`] = `
<div
  className="todo-list"
>
  <div>
    <span
      className="item-text "
    >
      first
    </span>
    <a
      aria-disabled={false}
      className="am-button"
      onClick={[Function]}
      onMouseDown={[Function]}
      onMouseLeave={[Function]}
      onMouseUp={[Function]}
      onTouchCancel={[Function]}
      onTouchEnd={[Function]}
      onTouchMove={[Function]}
      onTouchStart={[Function]}
      role="button"
    >
      <span>
        done
      </span>
    </a>
  </div>
  <div>
    <span
      className="item-text "
    >
      second
    </span>
    <a
      aria-disabled={false}
      className="am-button"
      onClick={[Function]}
      onMouseDown={[Function]}
      onMouseLeave={[Function]}
      onMouseUp={[Function]}
      onTouchCancel={[Function]}
      onTouchEnd={[Function]}
      onTouchMove={[Function]}
      onTouchStart={[Function]}
      role="button"
    >
      <span>
        done
      </span>
    </a>
  </div>
</div>
`;
